[satxbakery.com/index.html]
[backblue.gif]
[fade.gif]
[index.html]
[satxbakery.com/cdn/shop/t/7/assets/constants36bf.js]
[satxbakery.com/cdn/shop/t/7/assets/pubsubcff4.js]
[satxbakery.com/cdn/shop/t/7/assets/global2953.js]
[satxbakery.com/cdn/shop/t/7/assets/details-disclosuree50e.js]
[satxbakery.com/cdn/shop/t/7/assets/details-modal414d.js]
[satxbakery.com/cdn/shop/t/7/assets/search-formed44.js]
[satxbakery.com/cdn/shop/t/7/assets/animationsad9d.js]
[satxbakery.com/checkouts/internal/preloadsc494.js]
[satxbakery.com/cdn/shopifycloud/shop-js/modules/v2/client.init-shop-cart-sync_tsLm3wdj.en.esm.js]
[satxbakery.com/cdn/shopifycloud/shop-js/modules/v2/chunk.common_DahBGZaO.esm.js]
[satxbakery.com/modules/v2/chunk.common_DahBGZaO.esm.js]
[satxbakery.com/modules/v2/client.shop-login-button_W1_LuYMk.en.esm.js]
[satxbakery.com/cdn/shopifycloud/storefront/assets/storefront/load_feature-81c60534.js]
[satxbakery.com/cdn/shopifycloud/storefront/assets/shopify_pay/storefront-65b4c6d75501.js]
[satxbakery.com/cdn/shopifycloud/portable-wallets/latest/portable-wallets.en.js]
[satxbakery.com/cdn/shopifycloud/portable-wallets/latest/accelerated-checkout-backwards-compat.css]
[satxbakery.com/cdn/shop/t/7/compiled_assets/scripts2838.js]
[satxbakery.com/cdn/fonts/murecho/murecho_n4.48026a226f97b34dd378daf307ec4f9bcdf1dd4cb05e.woff2]
[satxbakery.com/cdn/fonts/murecho/murecho_n4.62af42a5730130829855fc8b72500870b1c3928ff003.woff]
[satxbakery.com/cdn/fonts/murecho/murecho_n7.85aa37ea273eee5593712f2d3fa544d877fef8395556.woff2]
[satxbakery.com/cdn/fonts/murecho/murecho_n7.fdc74c3f8eb063037894d0a2144b94bc1eb95a6e4985.woff]
[satxbakery.com/cdn/shop/t/7/assets/base61a6.css]
[satxbakery.com/cdn/shop/t/7/assets/component-cart-items4ab7.css]
[satxbakery.com/cdn/shop/t/7/assets/component-predictive-search98b6.css]
[satxbakery.com/GET]
[satxbakery.com/POST]
[satxbakery.com/cdn]
[satxbakery.com/cdn/s/trekkie.storefront.5a4f78eb26ea594ba1b5d72f179d68114c7cf8ca.min.js]
[satxbakery.com/cdn/shopifycloud/storefront/assets/shop_events_listener-8675b082.js]
[satxbakery.com/cdn/shopifycloud/perf-kit/shopify-perf-kit-2.0.6.min.js]
[satxbakery.com/cdn/shop/t/7/assets/component-slideshow6327.css]
[satxbakery.com/cdn/shop/t/7/assets/component-slider8bf2.css]
[satxbakery.com/cdn/shop/t/7/assets/component-list-menu613f.css]
[satxbakery.com/cdn/shop/t/7/assets/component-search8ab8.css]
[satxbakery.com/cdn/shop/t/7/assets/component-menu-drawer50ff.css]
[satxbakery.com/cdn/shop/t/7/assets/component-cart-notification230b.css]
[satxbakery.com/cdn/shop/t/7/assets/component-pricef572.css]
[satxbakery.com/cdn/shop/t/7/assets/cart-notification8e5b.js]
[satxbakery.com/collections/all.html]
[satxbakery.com/pages/contact]
[satxbakery.com/cart.html]
[satxbakery.com/cdn/shop/t/7/assets/section-image-bannerbfe0.css]
[satxbakery.com/cdn/shop/files/20250829_0852_Colorful_Cupcake_Bakeshop_simple_compose_01k3v1fsxdfvw9fag9fby64npyfbe5.png]
[satxbakery.com/collections.html]
[satxbakery.com/cdn/shop/t/7/assets/component-cardef35.css]
[satxbakery.com/cdn/shop/t/7/assets/template-collectione133.css]
[satxbakery.com/cdn/shop/t/7/assets/component-ratingf3eb.css]
[satxbakery.com/cdn/shop/t/7/assets/component-volume-pricingfe51.css]
[satxbakery.com/cdn/shop/t/7/assets/quick-order-list795a.css]
[satxbakery.com/cdn/shop/t/7/assets/quantity-popover5f6a.css]
[satxbakery.com/cdn/shop/files/1939865741071486976c53e.jpg]
[satxbakery.com/cdn/shop/files/1939865741503500288a8aa.jpg]
[satxbakery.com/products/1-set-11in-rotating-cake-turntable-108pcs-cake-decorating-supplies-kit-revolving-cake-table-stand-base-baking-tools.html]
[satxbakery.com/cdn/shop/files/b68b6bc3-16bc-4ded-a9c2-a5445c21c4052327.jpg]
[satxbakery.com/cdn/shop/files/ffe3ad9e-cbc9-451c-bd26-d55aa407e68c0afc.jpg]
[satxbakery.com/products/16in1-vegetable-chopper-fruit-and-vegetable-slicer-onion-cutter-food-chopper-with-container-vegetable-cutter-and-spiralizer-suitable-for-onion-salads-essential-small-]
[satxbakery.com/cdn/shop/files/3fe54d31-07ff-4cc7-9a38-118fe822a5eb37b7.jpg]
[satxbakery.com/cdn/shop/files/2446a346-fb20-4d67-bca6-1713cd9f547dc236.jpg]
[satxbakery.com/products/20-solid-color-towels-super-absorbent-quick-drying-suitable-for-home-office-and-travel.html]
[satxbakery.com/cdn/shop/files/aff7abe4-cf89-4ce2-972b-0e6e91aba5a55474.jpg]
[satxbakery.com/cdn/shop/files/09600c1d-61f9-4f2e-a228-e632116cbeaee87c.jpg]
[satxbakery.com/products/24-pcs-square-seasoning-jars-pepper-bottle-pepper-powder-bottle-240ml-glass-seasoning-jars-salt-jars.html]
[satxbakery.com/cdn/shop/files/5d3707d4-9912-4a50-bbac-02fcd82811493fee.jpg]
[satxbakery.com/cdn/shop/files/1b237e23-a91d-4044-b16f-e90619b611509e98.jpg]
[satxbakery.com/products/2pcs-ldq-elegant-wooden-serving-tray-japanese-style-space-saving-design-perfect-for-home-decor-and-kitchen-accessories-prohibited-for-sale-on-the-temu-platform.71.del]
[satxbakery.com/cdn/shop/files/76d4437b-88ed-425a-b9c0-a7662961f553b7b7.jpg]
[satxbakery.com/cdn/shop/files/1eb59a16-a7eb-4696-90cf-d9d70140fb1f5ab0.jpg]
[satxbakery.com/products/398pcs-cake-decorating-supplies-kit-baking-tools-set-for-cakes-3-packs-springform-cake-pans-cake-rotating-turntable-48-numbered-piping-icing-tips-4-russian-nozzles-9-]
[satxbakery.com/cdn/shop/files/8b00d570-42f5-4416-8883-5719d056cfe97c9a.jpg]
[satxbakery.com/cdn/shop/files/a21e7ff9-6ad0-43c2-9ac7-98dfa342cbc48262.jpg]
[satxbakery.com/cdn/shop/files/4531890548607348254_20486a28.jpg]
[satxbakery.com/products/7-in-1-multi-purpose-kitchen-scissors-with-magnetic-holder-ultra-sharp-stainless-steel-blades-for-meat-fish-vegetables-nuts-bottles-ergonomic-non-slip-grip-detachable]
[satxbakery.com/cdn/shop/files/10548076665508881040_20482e63.jpg]
[satxbakery.com/products/accent-coffee-mug-11-15oz.html]
[satxbakery.com/cdn/shop/files/1921833392404697088859c.jpg]
[satxbakery.com/cdn/shop/files/19218561483074478085ca1.jpg]
[satxbakery.com/products/american-standard-stainless-steel-manual-laminating-machine.html]
[satxbakery.com/cdn/shop/files/484319292282eec3.jpg]
[satxbakery.com/cdn/shop/files/7608047765121837.jpg]
[satxbakery.com/products/biscuit-press-biscuit-machine.html]
[satxbakery.com/cdn/shop/files/4338719550336624697_204838f8.jpg]
[satxbakery.com/cdn/shop/files/4881116269055832120_2048e74b.jpg]
[satxbakery.com/products/bottle-does-not-contain-alcohol-22oz.html]
[satxbakery.com/cdn/shop/files/23618417567629f45c.jpg]
[satxbakery.com/cdn/shop/files/7270697494073a12.jpg]
[satxbakery.com/products/breathable-potato-tomato-vegetable-plant-growth-bag.html]
[satxbakery.com/products/coming-soon.html]
[satxbakery.com/cdn/shop/files/15744452956976170184_20480e66.jpg]
[satxbakery.com/products/engraved-charcuterie-board-personalized-serving-platter-unique-wedding-gift-kitchen-decor-food-wine-lovers-gift-rustic-party.html]
[satxbakery.com/cdn/shop/files/18439101715818996903_20482260.jpg]
[satxbakery.com/cdn/shop/files/12042012445391360956_2048_custom5511.jpg]
[satxbakery.com/products/festive-stainless-steel-water-bottle-holiday-drinkware-christmas-gift-reusable-flask-snowman-reindeer-design-eco-friendly.html]
[satxbakery.com/cdn/shop/files/3039307180608a390.jpg]
[satxbakery.com/cdn/shop/files/25508066915609d5b.jpg]
[satxbakery.com/products/hammer-chef-knife-hand-forged.html]
[satxbakery.com/cdn/shop/files/399381393043df5b.jpg]
[satxbakery.com/cdn/shop/files/1033588751963f355.jpg]
[satxbakery.com/products/hand-forged-kitchen-knife-meat-fish-fruit-vegetable-chef.html]
[satxbakery.com/cdn/shop/files/a62f02cc-e27d-47ca-afb0-6efbde3d68d2d57e.jpg]
[satxbakery.com/cdn/shop/files/2596a1a4-ca96-4183-a5db-7edefdd5ba8cf0f7.jpg]
[satxbakery.com/products/handmade-wooden-bowl-with-black-filler.html]
[satxbakery.com/cdn/shop/files/a4bb0795-7cc6-468e-ac81-92e1c1717a8af51f.jpg]
[satxbakery.com/cdn/shop/files/236969485370bb43.jpg]
[satxbakery.com/products/home-kitchen-whetstone.html]
[satxbakery.com/cdn/shop/files/34982935630740672.jpg]
[satxbakery.com/cdn/shop/files/043d05f1-9471-4469-83db-2d1f50b30eddd996.jpg]
[satxbakery.com/products/kitchen-natural-wooden-bowl-household-fruit-bowl-salad-bowl-for-home-restaurant-food-container-wooden-utensils-note-the-size-hot.html]
[satxbakery.com/cdn/shop/files/df9cbb72-177f-4b1a-bb2e-90fc2b1923abb01e.jpg]
[satxbakery.com/cdn/shop/files/5f9458ce-77b0-4797-a69a-ee9ef0dcf1c835f5.jpg]
[satxbakery.com/products/silicone-spoon-mat-easy-to-clean-kitchen-mat-shelf-mat-heat-insulation.html]
[satxbakery.com/cdn/shop/files/19320111375593d354.jpg]
[satxbakery.com/cdn/shop/files/17001019308648a95b.jpg]
[satxbakery.com/products/stainless-steel-meat-cleaver-chefs-knife-cleaver.html]
[satxbakery.com/cdn/shop/files/2436451761477395797_2048e232.jpg]
[satxbakery.com/cdn/shop/files/16197869527894128762_2048a5b5.jpg]
[satxbakery.com/products/stainless-steel-water-bottle-does-not-contain-alcohol-travel-mug.html]
[satxbakery.com/cdn/shop/files/182397777806014c429.jpg]
[satxbakery.com/cdn/shop/files/266360001512414df.jpg]
[satxbakery.com/products/teak-natural-wood-tableware-spoon-ladle-turner-rice-colander-soup-skimmer-cooking-tool-sets-spoon-scoop-kitchen-tools-gadgets.html]
[satxbakery.com/cdn/shop/t/7/assets/section-collection-list8a73.css]
[satxbakery.com/cdn/shop/t/7/assets/section-footerd9a8.css]
[satxbakery.com/cdn/shop/t/7/assets/component-newsletter321e.css]
[satxbakery.com/cdn/shop/t/7/assets/component-list-payment87d5.css]
[satxbakery.com/cdn/shop/t/7/assets/component-list-socialbbb0.css]
[satxbakery.com/cdn/shopifycloud/shop-js/modules/v2/client.shop-follow-button_DzGbq68Y.en.esm.js]
[satxbakery.com/cdn/shopifycloud/shop-js/modules/v2/chunk.modal_4fr7SCRr.esm.js]
[satxbakery.com/policies/privacy-policy.html]
[satxbakery.com/policies/refund-policy.html]
[satxbakery.com/policies/terms-of-service.html]
[satxbakery.com/policies/contact-information.html]
[satxbakery.com/index.html]
[satxbakery.com/modules/v2/chunk.common_DahBGZaO.esm.js]
[satxbakery.com/modules/v2/client.shop-login-button_W1_LuYMk.en.esm.js]
[satxbakery.com/cdn/shopifycloud/portable-wallets/latest/accelerated-checkout-backwards-compat.css]
[satxbakery.com/cdn/shop/t/7/assets/predictive-search7bf1.js]
[satxbakery.com/cdn/shop/t/7/assets/base61a6.css]
[satxbakery.com/cdn/shop/t/7/assets/component-cart-items4ab7.css]
[satxbakery.com/cdn/shop/t/7/assets/component-predictive-search98b6.css]
[satxbakery.com/GET.html]
[satxbakery.com/POST.html]
[satxbakery.com/cdn.html]
[satxbakery.com/cdn/shop/t/7/assets/component-slideshow6327.css]
[satxbakery.com/cdn/shop/t/7/assets/component-slider8bf2.css]
[satxbakery.com/cdn/shop/t/7/assets/component-list-menu613f.css]
[satxbakery.com/cdn/shop/t/7/assets/component-search8ab8.css]
[satxbakery.com/cdn/shop/t/7/assets/component-menu-drawer50ff.css]
[satxbakery.com/cdn/shop/t/7/assets/component-cart-notification230b.css]
[satxbakery.com/cdn/shop/t/7/assets/component-pricef572.css]
[satxbakery.com/cdn/shop/t/7/assets/sparkle.gif]
[satxbakery.com/collections/all.atom]
[satxbakery.com/collections/all4658.html]
[satxbakery.com/collections/modules/v2/chunk.common_DahBGZaO.esm.js]
[satxbakery.com/collections/modules/v2/client.shop-login-button_W1_LuYMk.en.esm.js]
[satxbakery.com/collections/GET]
[satxbakery.com/collections/POST]
[satxbakery.com/cdn/shop/t/7/assets/component-facetsba23.css]
[satxbakery.com/cdn/shop/t/7/assets/facetsbf22.js]
[satxbakery.com/cdn/shop/t/7/assets/component-show-more0124.css]
[satxbakery.com/cdn/shop/t/7/assets/component-swatch-inputa603.css]
[satxbakery.com/cdn/shop/t/7/assets/component-swatch7e51.css]
[satxbakery.com/cdn/shop/t/7/assets/show-more3f2e.js]
[satxbakery.com/collections/all.html]
[satxbakery.com/pages/contact.html]
[satxbakery.com/cdn/shop/t/7/assets/component-pagination2808.css]
[satxbakery.com/cdn/shop/t/7/assets/component-cartb113.css]
[satxbakery.com/cdn/shop/t/7/assets/component-totals181e.css]
[satxbakery.com/cdn/shop/t/7/assets/component-discounts4888.css]
[satxbakery.com/cdn/shop/t/7/assets/cart73fe.js]
[satxbakery.com/cdn/shop/t/7/assets/quantity-popover0065.js]
[satxbakery.com/cart.html]
[satxbakery.com/cdn/shop/t/7/assets/section-image-bannerbfe0.css]
[satxbakery.com/cdn/shop/files/a62f02cc-e27d-47ca-afb0-6efbde3d68d249a2.jpg]
[satxbakery.com/collections.html]
[satxbakery.com/cdn/shop/t/7/assets/component-cardef35.css]
[satxbakery.com/cdn/shop/t/7/assets/template-collectione133.css]
[satxbakery.com/cdn/shop/t/7/assets/component-ratingf3eb.css]
[satxbakery.com/cdn/shop/t/7/assets/component-volume-pricingfe51.css]
[satxbakery.com/cdn/shop/t/7/assets/quick-order-list795a.css]
[satxbakery.com/cdn/shop/t/7/assets/quantity-popover5f6a.css]
[satxbakery.com/collections/frontpage.html]
[satxbakery.com/cdn/shop/files/193986574107148697670f8.jpg]
[satxbakery.com/products/1-set-11in-rotating-cake-turntable-108pcs-cake-decorating-supplies-kit-revolving-cake-table-stand-base-baking-tools.oembed]
[satxbakery.com/cdn/shopifycloud/shop-js/modules/v2/client.payment-terms_Cusht0qB.en.esm.js]
[satxbakery.com/products/modules/v2/chunk.common_DahBGZaO.esm.js]
[satxbakery.com/products/modules/v2/client.shop-login-button_W1_LuYMk.en.esm.js]
[satxbakery.com/products/GET]
[satxbakery.com/products/POST]
[satxbakery.com/cdn/shop/t/7/assets/section-main-producta76a.css]
[satxbakery.com/cdn/shop/t/7/assets/component-accordion78dd.css]
[satxbakery.com/cdn/shop/t/7/assets/component-deferred-media38e4.css]
[satxbakery.com/cdn/shop/t/7/assets/component-product-variant-picker5952.css]
[satxbakery.com/cdn/shop/t/7/assets/product-info667c.js]
[satxbakery.com/cdn/shop/t/7/assets/product-formd7f1.js]
[satxbakery.com/cdn/shop/files/13e0708c-8dbc-4099-8eed-80fccbd104a414da.jpg]
[satxbakery.com/cdn/shop/files/19398657410714869767c9d.jpg]
[satxbakery.com/cdn/shop/files/1939865741503500288e381.jpg]
[satxbakery.com/cdn/shop/files/1939865745710387200e381.jpg]
[satxbakery.com/cdn/shop/files/1939865750743552000f104.jpg]
[satxbakery.com/cdn/shop/files/1939865751829876736522a.jpg]
[satxbakery.com/cdn/shop/files/1939865744905080832404f.jpg]
[satxbakery.com/cdn/shop/files/1939865748654788608068e.jpg]
[satxbakery.com/cdn/shop/files/19398657427995402247e50.jpg]
[satxbakery.com/cdn/shop/files/1939865754090606592b59d.jpg]
[satxbakery.com/cdn/shop/files/19398657496194785289e5c.jpg]
[satxbakery.com/cdn/shop/files/13e0708c-8dbc-4099-8eed-80fccbd104a4d823.jpg]
[satxbakery.com/cdn/shop/files/19398657410714869764ecb.jpg]
[satxbakery.com/cdn/shop/files/19398657415035002884bfa.jpg]
[satxbakery.com/cdn/shop/files/19398657457103872004bfa.jpg]
[satxbakery.com/cdn/shop/files/193986575074355200034d6.jpg]
[satxbakery.com/cdn/shop/files/1939865751829876736134c.jpg]
[satxbakery.com/cdn/shop/files/1939865744905080832fc14.jpg]
[satxbakery.com/cdn/shop/files/19398657486547886084fc8.jpg]
[satxbakery.com/cdn/shop/files/19398657427995402243a94.jpg]
[satxbakery.com/cdn/shop/files/19398657540906065925a7c.jpg]
[satxbakery.com/cdn/shop/files/1939865749619478528b5c7.jpg]
[satxbakery.com/cdn/shop/t/7/assets/component-pickup-availability868f.css]
[satxbakery.com/cdn/shop/t/7/assets/pickup-availabilityb331.js]
[satxbakery.com/cdn/shop/files/13e0708c-8dbc-4099-8eed-80fccbd104a4bb6b.jpg]
[satxbakery.com/cdn/shop/files/1939865741071486976e165.jpg]
[satxbakery.com/cdn/shop/files/1939865741503500288d946.jpg]
[satxbakery.com/cdn/shop/files/1939865745710387200d946.jpg]
[satxbakery.com/cdn/shop/files/19398657507435520003925.jpg]
[satxbakery.com/cdn/shop/files/1939865751829876736d89f.jpg]
[satxbakery.com/cdn/shop/files/19398657449050808325e79.jpg]
[satxbakery.com/cdn/shop/files/19398657486547886084884.jpg]
[satxbakery.com/cdn/shop/files/193986574279954022412c9.jpg]
[satxbakery.com/cdn/shop/files/1939865754090606592b218.jpg]
[satxbakery.com/cdn/shop/files/19398657496194785282de1.jpg]
[satxbakery.com/cdn/shop/t/7/assets/product-modala4f9.js]
[satxbakery.com/cdn/shop/t/7/assets/media-gallery536a.js]
[satxbakery.com/cdn/shop/t/7/assets/collapsible-content5609.css]
[satxbakery.com/products/review-widget/main.js]
[satxbakery.com/products/1-set-11in-rotating-cake-turntable-108pcs-cake-decorating-supplies-kit-revolving-cake-table-stand-base-baking-tools.html]
[satxbakery.com/cdn/shop/t/7/assets/section-related-productsacdc.css]
[satxbakery.com/cdn/shop/files/b68b6bc3-16bc-4ded-a9c2-a5445c21c4055092.jpg]
[satxbakery.com/products/16in1-vegetable-chopper-fruit-and-vegetable-slicer-onion-cutter-food-chopper-with-container-vegetable-cutter-and-spiralizer-suitable-for-onion-salads-essential-small-3]
[satxbakery.com/cdn/shop/files/b68b6bc3-16bc-4ded-a9c2-a5445c21c405_5b408de3-c8e5-4744-af9f-4a2859920af80491.jpg]
[satxbakery.com/cdn/shop/files/b68b6bc3-16bc-4ded-a9c2-a5445c21c4056f26.jpg]
[satxbakery.com/cdn/shop/files/ffe3ad9e-cbc9-451c-bd26-d55aa407e68cf805.jpg]
[satxbakery.com/cdn/shop/files/5600a3d1-d973-4c7b-aea1-2f34e5636b4b3d73.jpg]
[satxbakery.com/cdn/shop/files/ec944f81-a74c-4850-81d8-8869fcfc7f883873.jpg]
[satxbakery.com/cdn/shop/files/09b06ec4-908e-40e0-b223-4f687baf69d47434.jpg]
[satxbakery.com/cdn/shop/files/24f0848d-bf66-4e15-b16e-79fa03c42e4975f4.jpg]
[satxbakery.com/cdn/shop/files/7e88be0e-a45d-4b95-adeb-8e5b09d537352e9f.jpg]
[satxbakery.com/cdn/shop/files/d472acb6-6bc4-47e4-963c-d758d1403bd198ab.jpg]
[satxbakery.com/cdn/shop/files/ee39a394-036d-4f16-b14d-e7d9e807da336a93.jpg]
[satxbakery.com/cdn/shop/files/a4501579-0e92-4a55-804f-bd44b4f9d6482574.jpg]
[satxbakery.com/cdn/shop/files/b68b6bc3-16bc-4ded-a9c2-a5445c21c405_5b408de3-c8e5-4744-af9f-4a2859920af8eb9c.jpg]
[satxbakery.com/cdn/shop/files/b68b6bc3-16bc-4ded-a9c2-a5445c21c4057bf5.jpg]
[satxbakery.com/cdn/shop/files/ffe3ad9e-cbc9-451c-bd26-d55aa407e68c7370.jpg]
[satxbakery.com/cdn/shop/files/5600a3d1-d973-4c7b-aea1-2f34e5636b4b61b7.jpg]
[satxbakery.com/cdn/shop/files/ec944f81-a74c-4850-81d8-8869fcfc7f88f8f2.jpg]
[satxbakery.com/cdn/shop/files/09b06ec4-908e-40e0-b223-4f687baf69d422db.jpg]
[satxbakery.com/cdn/shop/files/24f0848d-bf66-4e15-b16e-79fa03c42e49d55c.jpg]
[satxbakery.com/cdn/shop/files/7e88be0e-a45d-4b95-adeb-8e5b09d5373513f7.jpg]
[satxbakery.com/cdn/shop/files/d472acb6-6bc4-47e4-963c-d758d1403bd17ccd.jpg]
[satxbakery.com/cdn/shop/files/ee39a394-036d-4f16-b14d-e7d9e807da33d448.jpg]
[satxbakery.com/cdn/shop/files/a4501579-0e92-4a55-804f-bd44b4f9d6483959.jpg]
[satxbakery.com/cdn/shop/files/b68b6bc3-16bc-4ded-a9c2-a5445c21c405_5b408de3-c8e5-4744-af9f-4a2859920af8f06e.jpg]
[satxbakery.com/cdn/shop/files/b68b6bc3-16bc-4ded-a9c2-a5445c21c405dd88.jpg]
[satxbakery.com/cdn/shop/files/ffe3ad9e-cbc9-451c-bd26-d55aa407e68c7606.jpg]
[satxbakery.com/cdn/shop/files/5600a3d1-d973-4c7b-aea1-2f34e5636b4ba0d9.jpg]
[satxbakery.com/cdn/shop/files/ec944f81-a74c-4850-81d8-8869fcfc7f8816e8.jpg]
[satxbakery.com/cdn/shop/files/09b06ec4-908e-40e0-b223-4f687baf69d49bd8.jpg]
[satxbakery.com/cdn/shop/files/24f0848d-bf66-4e15-b16e-79fa03c42e496d9c.jpg]
[satxbakery.com/cdn/shop/files/7e88be0e-a45d-4b95-adeb-8e5b09d53735a146.jpg]
[satxbakery.com/cdn/shop/files/d472acb6-6bc4-47e4-963c-d758d1403bd16939.jpg]
[satxbakery.com/cdn/shop/files/ee39a394-036d-4f16-b14d-e7d9e807da33bb1a.jpg]
[satxbakery.com/products/16in1-vegetable-chopper-fruit-and-vegetable-slicer-onion-cutter-food-chopper-with-container-vegetable-cutter-and-spiralizer-suitable-for-onion-salads-essential-small-]
[satxbakery.com/cdn/shop/files/a4501579-0e92-4a55-804f-bd44b4f9d648b2bc.jpg]
[satxbakery.com/cdn/shop/files/3fe54d31-07ff-4cc7-9a38-118fe822a5eb12c2.jpg]
[satxbakery.com/products/20-solid-color-towels-super-absorbent-quick-drying-suitable-for-home-office-and-travel.oembed]
[satxbakery.com/cdn/shop/files/3fe54d31-07ff-4cc7-9a38-118fe822a5eb_a2cdd1c9-16f3-4ca3-8ed9-c28796a313393f7b.jpg]
[satxbakery.com/cdn/shop/files/3fe54d31-07ff-4cc7-9a38-118fe822a5eb4c13.jpg]
[satxbakery.com/cdn/shop/files/2446a346-fb20-4d67-bca6-1713cd9f547ded8d.jpg]
[satxbakery.com/cdn/shop/files/8d7f69e0-07d7-47cc-a165-b288a8ad4114b53d.jpg]
[satxbakery.com/cdn/shop/files/a7198ea9-31bc-4834-a492-869c2ec13873feb1.jpg]
[satxbakery.com/cdn/shop/files/dfb23023-c1d5-4f6f-854b-3cb9dbd4b057bce9.jpg]
[satxbakery.com/cdn/shop/files/3fe54d31-07ff-4cc7-9a38-118fe822a5eb_a2cdd1c9-16f3-4ca3-8ed9-c28796a31339c9a3.jpg]
[satxbakery.com/cdn/shop/files/3fe54d31-07ff-4cc7-9a38-118fe822a5eb9f40.jpg]
[satxbakery.com/cdn/shop/files/2446a346-fb20-4d67-bca6-1713cd9f547daef0.jpg]
[satxbakery.com/cdn/shop/files/8d7f69e0-07d7-47cc-a165-b288a8ad41144238.jpg]
[satxbakery.com/cdn/shop/files/a7198ea9-31bc-4834-a492-869c2ec13873d50c.jpg]
[satxbakery.com/cdn/shop/files/dfb23023-c1d5-4f6f-854b-3cb9dbd4b057d709.jpg]
[satxbakery.com/cdn/shop/files/3fe54d31-07ff-4cc7-9a38-118fe822a5eb_a2cdd1c9-16f3-4ca3-8ed9-c28796a313393ca6.jpg]
[satxbakery.com/cdn/shop/files/3fe54d31-07ff-4cc7-9a38-118fe822a5eba522.jpg]
[satxbakery.com/cdn/shop/files/2446a346-fb20-4d67-bca6-1713cd9f547db558.jpg]
[satxbakery.com/cdn/shop/files/8d7f69e0-07d7-47cc-a165-b288a8ad41142753.jpg]
[satxbakery.com/cdn/shop/files/a7198ea9-31bc-4834-a492-869c2ec138739253.jpg]
[satxbakery.com/products/20-solid-color-towels-super-absorbent-quick-drying-suitable-for-home-office-and-travel.html]
[satxbakery.com/cdn/shop/files/dfb23023-c1d5-4f6f-854b-3cb9dbd4b0579352.jpg]
[satxbakery.com/cdn/shop/files/aff7abe4-cf89-4ce2-972b-0e6e91aba5a574f8.jpg]
[satxbakery.com/products/24-pcs-square-seasoning-jars-pepper-bottle-pepper-powder-bottle-240ml-glass-seasoning-jars-salt-jars.oembed]
[satxbakery.com/cdn/shop/files/b00f2f05-a1dd-4bfa-be28-9c493f026a6a439e.jpg]
[satxbakery.com/cdn/shop/files/aff7abe4-cf89-4ce2-972b-0e6e91aba5a5c857.jpg]
[satxbakery.com/cdn/shop/files/09600c1d-61f9-4f2e-a228-e632116cbeae2122.jpg]
[satxbakery.com/cdn/shop/files/cd345cd1-e67a-48d3-b424-513e39ccf9dd6d2d.jpg]
[satxbakery.com/cdn/shop/files/39643946-fc3f-417f-adb3-0bb67c96a3243361.jpg]
[satxbakery.com/cdn/shop/files/b697f771-7273-46f5-98cb-49848545aba88c63.jpg]
[satxbakery.com/cdn/shop/files/db0eaf33-5b75-4089-84e8-85f444ef3a708c63.jpg]
[satxbakery.com/cdn/shop/files/0889e15c-8b7f-41fa-97fa-2450544762e50f98.jpg]
[satxbakery.com/cdn/shop/files/6f02ebb2-52e5-488f-bcd0-96bb85a55fbb2d59.jpg]
[satxbakery.com/cdn/shop/files/9b757614-40fa-4bb7-a979-b0c5ba459d881db1.jpg]
[satxbakery.com/cdn/shop/files/c2e0d869-7205-4075-aefa-01ce8412c7031db1.jpg]
[satxbakery.com/cdn/shop/files/b00f2f05-a1dd-4bfa-be28-9c493f026a6a597a.jpg]
[satxbakery.com/cdn/shop/files/aff7abe4-cf89-4ce2-972b-0e6e91aba5a5671a.jpg]
[satxbakery.com/cdn/shop/files/09600c1d-61f9-4f2e-a228-e632116cbeae249f.jpg]
[satxbakery.com/cdn/shop/files/cd345cd1-e67a-48d3-b424-513e39ccf9dd0318.jpg]
[satxbakery.com/cdn/shop/files/39643946-fc3f-417f-adb3-0bb67c96a324adb3.jpg]
[satxbakery.com/cdn/shop/files/b697f771-7273-46f5-98cb-49848545aba889be.jpg]
[satxbakery.com/cdn/shop/files/db0eaf33-5b75-4089-84e8-85f444ef3a7089be.jpg]
[satxbakery.com/cdn/shop/files/0889e15c-8b7f-41fa-97fa-2450544762e57489.jpg]
[satxbakery.com/cdn/shop/files/6f02ebb2-52e5-488f-bcd0-96bb85a55fbbbab6.jpg]
[satxbakery.com/cdn/shop/files/9b757614-40fa-4bb7-a979-b0c5ba459d88838c.jpg]
[satxbakery.com/cdn/shop/files/c2e0d869-7205-4075-aefa-01ce8412c703838c.jpg]
[satxbakery.com/cdn/shop/files/b00f2f05-a1dd-4bfa-be28-9c493f026a6a9082.jpg]
[satxbakery.com/cdn/shop/files/aff7abe4-cf89-4ce2-972b-0e6e91aba5a5a936.jpg]
[satxbakery.com/cdn/shop/files/09600c1d-61f9-4f2e-a228-e632116cbeaec837.jpg]
[satxbakery.com/cdn/shop/files/cd345cd1-e67a-48d3-b424-513e39ccf9dd35a0.jpg]
[satxbakery.com/cdn/shop/files/39643946-fc3f-417f-adb3-0bb67c96a3245b87.jpg]
[satxbakery.com/cdn/shop/files/b697f771-7273-46f5-98cb-49848545aba8f8b4.jpg]
[satxbakery.com/cdn/shop/files/db0eaf33-5b75-4089-84e8-85f444ef3a70f8b4.jpg]
[satxbakery.com/cdn/shop/files/0889e15c-8b7f-41fa-97fa-2450544762e52485.jpg]
[satxbakery.com/cdn/shop/files/6f02ebb2-52e5-488f-bcd0-96bb85a55fbb5213.jpg]
[satxbakery.com/cdn/shop/files/9b757614-40fa-4bb7-a979-b0c5ba459d883c4f.jpg]
[satxbakery.com/products/24-pcs-square-seasoning-jars-pepper-bottle-pepper-powder-bottle-240ml-glass-seasoning-jars-salt-jars.html]
[satxbakery.com/cdn/shop/files/c2e0d869-7205-4075-aefa-01ce8412c7033c4f.jpg]
[satxbakery.com/cdn/shop/files/5d3707d4-9912-4a50-bbac-02fcd82811497767.jpg]
[satxbakery.com/products/2pcs-ldq-elegant-wooden-serving-tray-japanese-style-space-saving-design-perfect-for-home-decor-and-kitchen-accessories-prohibited-for-sale-on-the-temu-platform.227.de]
[satxbakery.com/cdn/shop/files/154d97f7-7cf6-4fed-802f-a6e60d285a8bb755.jpg]
[satxbakery.com/cdn/shop/files/5d3707d4-9912-4a50-bbac-02fcd828114993c8.jpg]
[satxbakery.com/cdn/shop/files/1b237e23-a91d-4044-b16f-e90619b61150e4b4.jpg]
[satxbakery.com/cdn/shop/files/17417537-6ca3-4461-9faa-504060551af100d5.jpg]
[satxbakery.com/cdn/shop/files/1204366a-5def-4e76-8926-a4dca11cae7de30a.jpg]
[satxbakery.com/cdn/shop/files/43783600-1d17-4700-8316-7075d46539dc4213.jpg]
[satxbakery.com/cdn/shop/files/81bdc305-646d-4e26-8c51-b8a668fdae238a42.jpg]
[satxbakery.com/cdn/shop/files/de9ab201-5045-4904-b495-8a7d19883e042445.jpg]
[satxbakery.com/cdn/shop/files/42e2277b-0f6f-46e5-8e77-dea74cabc7149b6a.jpg]
[satxbakery.com/cdn/shop/files/154d97f7-7cf6-4fed-802f-a6e60d285a8bad4b.jpg]
[satxbakery.com/cdn/shop/files/5d3707d4-9912-4a50-bbac-02fcd8281149bbe2.jpg]
[satxbakery.com/cdn/shop/files/1b237e23-a91d-4044-b16f-e90619b611502897.jpg]
[satxbakery.com/cdn/shop/files/17417537-6ca3-4461-9faa-504060551af1a564.jpg]
[satxbakery.com/cdn/shop/files/1204366a-5def-4e76-8926-a4dca11cae7df61a.jpg]
[satxbakery.com/cdn/shop/files/43783600-1d17-4700-8316-7075d46539dc0a91.jpg]
[satxbakery.com/cdn/shop/files/81bdc305-646d-4e26-8c51-b8a668fdae23c4e9.jpg]
[satxbakery.com/cdn/shop/files/de9ab201-5045-4904-b495-8a7d19883e0440f3.jpg]
[satxbakery.com/cdn/shop/files/42e2277b-0f6f-46e5-8e77-dea74cabc714aa8a.jpg]
[satxbakery.com/cdn/shop/files/154d97f7-7cf6-4fed-802f-a6e60d285a8ba43c.jpg]
[satxbakery.com/cdn/shop/files/5d3707d4-9912-4a50-bbac-02fcd82811498767.jpg]
[satxbakery.com/cdn/shop/files/1b237e23-a91d-4044-b16f-e90619b61150fb75.jpg]
[satxbakery.com/cdn/shop/files/17417537-6ca3-4461-9faa-504060551af1ee91.jpg]
[satxbakery.com/cdn/shop/files/1204366a-5def-4e76-8926-a4dca11cae7dde44.jpg]
[satxbakery.com/cdn/shop/files/43783600-1d17-4700-8316-7075d46539dc9892.jpg]
[satxbakery.com/cdn/shop/files/81bdc305-646d-4e26-8c51-b8a668fdae239a0b.jpg]
[satxbakery.com/cdn/shop/files/de9ab201-5045-4904-b495-8a7d19883e0483e2.jpg]
[satxbakery.com/products/2pcs-ldq-elegant-wooden-serving-tray-japanese-style-space-saving-design-perfect-for-home-decor-and-kitchen-accessories-prohibited-for-sale-on-the-temu-platform.71.del]
[satxbakery.com/cdn/shop/files/42e2277b-0f6f-46e5-8e77-dea74cabc714906c.jpg]
[satxbakery.com/cdn/shop/files/76d4437b-88ed-425a-b9c0-a7662961f55309cb.jpg]
[satxbakery.com/products/398pcs-cake-decorating-supplies-kit-baking-tools-set-for-cakes-3-packs-springform-cake-pans-cake-rotating-turntable-48-numbered-piping-icing-tips-4-russian-nozzles-9-3]
[satxbakery.com/cdn/shop/files/76d4437b-88ed-425a-b9c0-a7662961f553_564f4234-6237-4b3c-9942-86d2081c1e8960ef.jpg]
[satxbakery.com/cdn/shop/files/76d4437b-88ed-425a-b9c0-a7662961f553b3f6.jpg]
[satxbakery.com/cdn/shop/files/1eb59a16-a7eb-4696-90cf-d9d70140fb1f86e7.jpg]
[satxbakery.com/cdn/shop/files/113adc20-6c7c-42c6-a2e2-a9012e31a9cfc810.jpg]
[satxbakery.com/cdn/shop/files/68916d4e-cb12-424d-8a64-4356e6f68c9508c4.jpg]
[satxbakery.com/cdn/shop/files/3ee23761-00c8-40b1-bd5b-19a0d49e731682a8.jpg]
[satxbakery.com/cdn/shop/files/76d4437b-88ed-425a-b9c0-a7662961f553_564f4234-6237-4b3c-9942-86d2081c1e89dd02.jpg]
[satxbakery.com/cdn/shop/files/76d4437b-88ed-425a-b9c0-a7662961f553f2b9.jpg]
[satxbakery.com/cdn/shop/files/1eb59a16-a7eb-4696-90cf-d9d70140fb1f1395.jpg]
[satxbakery.com/cdn/shop/files/113adc20-6c7c-42c6-a2e2-a9012e31a9cf65db.jpg]
[satxbakery.com/cdn/shop/files/68916d4e-cb12-424d-8a64-4356e6f68c95df74.jpg]
[satxbakery.com/cdn/shop/files/3ee23761-00c8-40b1-bd5b-19a0d49e73161f9f.jpg]
[satxbakery.com/cdn/shop/files/76d4437b-88ed-425a-b9c0-a7662961f553_564f4234-6237-4b3c-9942-86d2081c1e89c07c.jpg]
[satxbakery.com/cdn/shop/files/76d4437b-88ed-425a-b9c0-a7662961f5536256.jpg]
[satxbakery.com/cdn/shop/files/1eb59a16-a7eb-4696-90cf-d9d70140fb1f3aa1.jpg]
[satxbakery.com/cdn/shop/files/113adc20-6c7c-42c6-a2e2-a9012e31a9cf30e2.jpg]
[satxbakery.com/cdn/shop/files/68916d4e-cb12-424d-8a64-4356e6f68c950618.jpg]
[satxbakery.com/products/398pcs-cake-decorating-supplies-kit-baking-tools-set-for-cakes-3-packs-springform-cake-pans-cake-rotating-turntable-48-numbered-piping-icing-tips-4-russian-nozzles-9-]
[satxbakery.com/cdn/shop/files/3ee23761-00c8-40b1-bd5b-19a0d49e73164907.jpg]
[satxbakery.com/cdn/shop/files/8b00d570-42f5-4416-8883-5719d056cfe9dec4.jpg]
[satxbakery.com/products/7-in-1-multi-purpose-kitchen-scissors-with-magnetic-holder-ultra-sharp-stainless-steel-blades-for-meat-fish-vegetables-nuts-bottles-ergonomic-non-slip-grip-detachable-2]
[satxbakery.com/cdn/shop/files/eaff05da-93ad-46ed-85c6-34db3b56373a3c4d.jpg]
[satxbakery.com/cdn/shop/files/8b00d570-42f5-4416-8883-5719d056cfe917f0.jpg]
[satxbakery.com/cdn/shop/files/a21e7ff9-6ad0-43c2-9ac7-98dfa342cbc42401.jpg]
[satxbakery.com/cdn/shop/files/914ad9ba-ad69-46bc-aa4a-4d7fa0373091a577.jpg]
[satxbakery.com/cdn/shop/files/50661bd7-b324-4023-af4d-6874e6aba5aac8ab.jpg]
[satxbakery.com/cdn/shop/files/e423cd4e-5c9d-4d42-9df7-33981b578419e71d.jpg]
[satxbakery.com/cdn/shop/files/59a4ddfd-98e7-4f18-8895-6ccb65cbca2e47ea.jpg]
[satxbakery.com/cdn/shop/files/ae623cd0-b792-414a-a70f-379f9bee3b557dc3.jpg]
[satxbakery.com/cdn/shop/files/a9ef39f2-a425-4fe9-b946-e7980ed8fccda124.jpg]
[satxbakery.com/cdn/shop/files/eaff05da-93ad-46ed-85c6-34db3b56373a0d58.jpg]
[satxbakery.com/cdn/shop/files/8b00d570-42f5-4416-8883-5719d056cfe97599.jpg]
[satxbakery.com/cdn/shop/files/a21e7ff9-6ad0-43c2-9ac7-98dfa342cbc40e2c.jpg]
[satxbakery.com/cdn/shop/files/914ad9ba-ad69-46bc-aa4a-4d7fa03730919965.jpg]
[satxbakery.com/cdn/shop/files/50661bd7-b324-4023-af4d-6874e6aba5aa6e0f.jpg]
[satxbakery.com/cdn/shop/files/e423cd4e-5c9d-4d42-9df7-33981b57841930a9.jpg]
[satxbakery.com/cdn/shop/files/59a4ddfd-98e7-4f18-8895-6ccb65cbca2e4ca0.jpg]
[satxbakery.com/cdn/shop/files/ae623cd0-b792-414a-a70f-379f9bee3b55e87e.jpg]
[satxbakery.com/cdn/shop/files/a9ef39f2-a425-4fe9-b946-e7980ed8fccd664a.jpg]
[satxbakery.com/cdn/shop/files/3db0c590-429a-4193-a46a-ef1252467e660d58.jpg]
[satxbakery.com/cdn/shop/files/eaff05da-93ad-46ed-85c6-34db3b56373ac2e4.jpg]
[satxbakery.com/cdn/shop/files/8b00d570-42f5-4416-8883-5719d056cfe9f532.jpg]
[satxbakery.com/cdn/shop/files/a21e7ff9-6ad0-43c2-9ac7-98dfa342cbc4be3f.jpg]
[satxbakery.com/cdn/shop/files/914ad9ba-ad69-46bc-aa4a-4d7fa0373091759b.jpg]
[satxbakery.com/cdn/shop/files/50661bd7-b324-4023-af4d-6874e6aba5aae55a.jpg]
[satxbakery.com/cdn/shop/files/e423cd4e-5c9d-4d42-9df7-33981b578419f193.jpg]
[satxbakery.com/cdn/shop/files/59a4ddfd-98e7-4f18-8895-6ccb65cbca2ea47a.jpg]
[satxbakery.com/cdn/shop/files/ae623cd0-b792-414a-a70f-379f9bee3b558269.jpg]
[satxbakery.com/cdn/shop/files/a9ef39f2-a425-4fe9-b946-e7980ed8fccd0cf8.jpg]
[satxbakery.com/products/7-in-1-multi-purpose-kitchen-scissors-with-magnetic-holder-ultra-sharp-stainless-steel-blades-for-meat-fish-vegetables-nuts-bottles-ergonomic-non-slip-grip-detachable]
[satxbakery.com/cdn/shop/files/3db0c590-429a-4193-a46a-ef1252467e66c2e4.jpg]
[satxbakery.com/cdn/shop/files/4531890548607348254_2048f480.jpg]
[satxbakery.com/products/accent-coffee-mug-11-15oz.oembed]
[satxbakery.com/cdn/shop/files/4531890548607348254_2048b9b0.jpg]
[satxbakery.com/cdn/shop/files/13775108710956158348_20483ea0.jpg]
[satxbakery.com/cdn/shop/files/14375709007526207649_2048ef9f.jpg]
[satxbakery.com/cdn/shop/files/9008124048022514307_20485141.jpg]
[satxbakery.com/cdn/shop/files/6475995826337731513_2048d5c3.jpg]
[satxbakery.com/cdn/shop/files/7279999960957350848_20486f74.jpg]
[satxbakery.com/cdn/shop/files/11919747564226148637_2048c47d.jpg]
[satxbakery.com/cdn/shop/files/13707091761100882703_2048e054.jpg]
[satxbakery.com/cdn/shop/files/13294198126507106089_2048fcd8.jpg]
[satxbakery.com/cdn/shop/files/14081257189606700717_2048ab78.jpg]
[satxbakery.com/cdn/shop/files/11934961821952394318_2048e2d8.jpg]
[satxbakery.com/cdn/shop/files/12971889934368052133_2048aad0.jpg]
[satxbakery.com/cdn/shop/files/16601366049037724639_20486a6b.jpg]
[satxbakery.com/cdn/shop/files/144632790654056110_204891df.jpg]
[satxbakery.com/cdn/shop/files/12526253233587215094_204891fd.jpg]
[satxbakery.com/cdn/shop/files/11766575799269195659_20486d6d.jpg]
[satxbakery.com/cdn/shop/files/6041143053341057839_20483933.jpg]
[satxbakery.com/cdn/shop/files/3190546757068460207_204803de.jpg]
[satxbakery.com/cdn/shop/files/1306680898277506050_2048995e.jpg]
[satxbakery.com/cdn/shop/files/3884704745587592391_2048affa.jpg]
[satxbakery.com/cdn/shop/files/14195712197901779216_20484db6.jpg]
[satxbakery.com/cdn/shop/files/6877972424504064268_204860f3.jpg]
[satxbakery.com/cdn/shop/files/18167762578148527089_204848d9.jpg]
[satxbakery.com/cdn/shop/files/4625990017290118583_2048f8d0.jpg]
[satxbakery.com/cdn/shop/files/7062930412032520208_20488733.jpg]
[satxbakery.com/cdn/shop/files/4531890548607348254_20487ccf.jpg]
[satxbakery.com/cdn/shop/files/10548076665508881040_20484262.jpg]
[satxbakery.com/cdn/shop/files/2585753820423211103_20486b9e.jpg]
[satxbakery.com/cdn/shop/files/1112772113230555621_2048934a.jpg]
[satxbakery.com/cdn/shop/files/8181209848565674208_20481e39.jpg]
[satxbakery.com/cdn/shop/files/6116347410001583388_2048b086.jpg]
[satxbakery.com/cdn/shop/files/15450618545745073259_2048f5d7.jpg]
[satxbakery.com/cdn/shop/files/11737385502758150042_20484354.jpg]
[satxbakery.com/cdn/shop/files/13775108710956158348_2048cfe7.jpg]
[satxbakery.com/cdn/shop/files/14375709007526207649_2048cfa2.jpg]
[satxbakery.com/cdn/shop/files/9008124048022514307_2048d659.jpg]
[satxbakery.com/cdn/shop/files/6475995826337731513_2048bcba.jpg]
[satxbakery.com/cdn/shop/files/7279999960957350848_2048b627.jpg]
[satxbakery.com/cdn/shop/files/11919747564226148637_20488a89.jpg]
[satxbakery.com/cdn/shop/files/13707091761100882703_20482317.jpg]
[satxbakery.com/cdn/shop/files/13294198126507106089_204868f2.jpg]
[satxbakery.com/cdn/shop/files/14081257189606700717_20480d5e.jpg]
[satxbakery.com/cdn/shop/files/11934961821952394318_2048dada.jpg]
[satxbakery.com/cdn/shop/files/12971889934368052133_20484d3d.jpg]
[satxbakery.com/cdn/shop/files/16601366049037724639_2048e088.jpg]
[satxbakery.com/cdn/shop/files/144632790654056110_2048de2b.jpg]
[satxbakery.com/cdn/shop/files/12526253233587215094_2048cc8d.jpg]
[satxbakery.com/cdn/shop/files/11766575799269195659_2048bb31.jpg]
[satxbakery.com/cdn/shop/files/6041143053341057839_20487329.jpg]
[satxbakery.com/cdn/shop/files/3190546757068460207_2048a82d.jpg]
[satxbakery.com/cdn/shop/files/1306680898277506050_20481e41.jpg]
[satxbakery.com/cdn/shop/files/3884704745587592391_2048c542.jpg]
[satxbakery.com/cdn/shop/files/14195712197901779216_20483aef.jpg]
[satxbakery.com/cdn/shop/files/6877972424504064268_204821d7.jpg]
[satxbakery.com/cdn/shop/files/18167762578148527089_204833ab.jpg]
[satxbakery.com/cdn/shop/files/4625990017290118583_2048214f.jpg]
[satxbakery.com/cdn/shop/files/7062930412032520208_204812ad.jpg]
[satxbakery.com/cdn/shop/files/4531890548607348254_20486cfc.jpg]
[satxbakery.com/cdn/shop/files/10548076665508881040_2048b419.jpg]
[satxbakery.com/cdn/shop/files/2585753820423211103_20483d2d.jpg]
[satxbakery.com/cdn/shop/files/1112772113230555621_2048f7d0.jpg]
[satxbakery.com/cdn/shop/files/8181209848565674208_20489000.jpg]
[satxbakery.com/cdn/shop/files/6116347410001583388_204848a8.jpg]
[satxbakery.com/cdn/shop/files/15450618545745073259_20481e12.jpg]
[satxbakery.com/cdn/shop/files/11737385502758150042_2048c1d4.jpg]
[satxbakery.com/cdn/shop/files/13775108710956158348_2048ae25.jpg]
[satxbakery.com/cdn/shop/files/14375709007526207649_2048f0a1.jpg]
[satxbakery.com/cdn/shop/files/9008124048022514307_2048901c.jpg]
[satxbakery.com/cdn/shop/files/6475995826337731513_204820a5.jpg]
[satxbakery.com/cdn/shop/files/7279999960957350848_2048b983.jpg]
[satxbakery.com/cdn/shop/files/11919747564226148637_20481e8f.jpg]
[satxbakery.com/cdn/shop/files/13707091761100882703_2048cd01.jpg]
[satxbakery.com/cdn/shop/files/13294198126507106089_2048281d.jpg]
[satxbakery.com/cdn/shop/files/14081257189606700717_204877d4.jpg]
[satxbakery.com/cdn/shop/files/11934961821952394318_204876c4.jpg]
[satxbakery.com/cdn/shop/files/12971889934368052133_20484e23.jpg]
[satxbakery.com/cdn/shop/files/16601366049037724639_2048c055.jpg]
[satxbakery.com/cdn/shop/files/144632790654056110_2048c08f.jpg]
[satxbakery.com/cdn/shop/files/12526253233587215094_204854c0.jpg]
[satxbakery.com/cdn/shop/files/11766575799269195659_20488b16.jpg]
[satxbakery.com/cdn/shop/files/6041143053341057839_20488a80.jpg]
[satxbakery.com/cdn/shop/files/3190546757068460207_20480545.jpg]
[satxbakery.com/cdn/shop/files/1306680898277506050_20486537.jpg]
[satxbakery.com/cdn/shop/files/3884704745587592391_20487640.jpg]
[satxbakery.com/cdn/shop/files/14195712197901779216_20482216.jpg]
[satxbakery.com/cdn/shop/files/6877972424504064268_2048a986.jpg]
[satxbakery.com/cdn/shop/files/18167762578148527089_2048013c.jpg]
[satxbakery.com/cdn/shop/files/4625990017290118583_2048eb07.jpg]
[satxbakery.com/products/accent-coffee-mug-11-15oz.html]
[satxbakery.com/cdn/shop/files/7062930412032520208_2048aad3.jpg]
[satxbakery.com/cdn/shop/files/19218333924046970883af8.jpg]
[satxbakery.com/products/american-standard-stainless-steel-manual-laminating-machine.oembed]
[satxbakery.com/cdn/shop/files/1921833392404697088_1be89221-98d8-4a19-9f9a-492f9d8adacfc9c8.jpg]
[satxbakery.com/cdn/shop/files/19218333924046970888750.jpg]
[satxbakery.com/cdn/shop/files/1921856148307447808dbf9.jpg]
[satxbakery.com/cdn/shop/files/1921856152828907520459a.jpg]
[satxbakery.com/cdn/shop/files/192185615048848588894e4.jpg]
[satxbakery.com/cdn/shop/files/192185614689816166491b2.jpg]
[satxbakery.com/cdn/shop/files/192185614939796684868c0.jpg]
[satxbakery.com/cdn/shop/files/19218561511511859205ec7.jpg]
[satxbakery.com/cdn/shop/files/19218561516503080969ab3.jpg]
[satxbakery.com/cdn/shop/files/192185614712045977628e8.jpg]
[satxbakery.com/cdn/shop/files/1921856153890066432c9c8.jpg]
[satxbakery.com/cdn/shop/files/1921833392404697088_1be89221-98d8-4a19-9f9a-492f9d8adacf04b6.jpg]
[satxbakery.com/cdn/shop/files/19218333924046970885bb3.jpg]
[satxbakery.com/cdn/shop/files/19218561483074478085988.jpg]
[satxbakery.com/cdn/shop/files/19218561528289075208717.jpg]
[satxbakery.com/cdn/shop/files/1921856150488485888c211.jpg]
[satxbakery.com/cdn/shop/files/19218561468981616641634.jpg]
[satxbakery.com/cdn/shop/files/192185614939796684898c5.jpg]
[satxbakery.com/cdn/shop/files/1921856151151185920e5d4.jpg]
[satxbakery.com/cdn/shop/files/1921856151650308096b8f6.jpg]
[satxbakery.com/cdn/shop/files/192185614712045977627c5.jpg]
[satxbakery.com/cdn/shop/files/192185615389006643204b6.jpg]
[satxbakery.com/cdn/shop/files/1921833392404697088_1be89221-98d8-4a19-9f9a-492f9d8adacf4f09.jpg]
[satxbakery.com/cdn/shop/files/19218333924046970884bbe.jpg]
[satxbakery.com/cdn/shop/files/192185614830744780803d2.jpg]
[satxbakery.com/cdn/shop/files/19218561528289075201aad.jpg]
[satxbakery.com/cdn/shop/files/1921856150488485888b8fe.jpg]
[satxbakery.com/cdn/shop/files/1921856146898161664db63.jpg]
[satxbakery.com/cdn/shop/files/19218561493979668489ee7.jpg]
[satxbakery.com/cdn/shop/files/1921856151151185920c730.jpg]
[satxbakery.com/cdn/shop/files/1921856151650308096e925.jpg]
[satxbakery.com/cdn/shop/files/1921856147120459776eeab.jpg]
[satxbakery.com/products/american-standard-stainless-steel-manual-laminating-machine.html]
[satxbakery.com/cdn/shop/files/19218561538900664324f09.jpg]
[satxbakery.com/cdn/shop/files/484319292282359e.jpg]
[satxbakery.com/products/biscuit-press-biscuit-machine.oembed]
[satxbakery.com/cdn/shop/files/1527415924051c66f.jpg]
[satxbakery.com/cdn/shop/files/484319292282a068.jpg]
[satxbakery.com/cdn/shop/files/7608047765127a9c.jpg]
[satxbakery.com/cdn/shop/files/951349759879eb1d.jpg]
[satxbakery.com/cdn/shop/files/4230951923053808.jpg]
[satxbakery.com/cdn/shop/files/7377462743414b8e.jpg]
[satxbakery.com/cdn/shop/files/11029662043077bd0.jpg]
[satxbakery.com/cdn/shop/files/49991263209b7f9.jpg]
[satxbakery.com/cdn/shop/files/3117959714416e54.jpg]
[satxbakery.com/cdn/shop/files/1527415924051eef9.jpg]
[satxbakery.com/cdn/shop/files/484319292282f5b4.jpg]
[satxbakery.com/cdn/shop/files/76080477651282d8.jpg]
[satxbakery.com/cdn/shop/files/9513497598791c12.jpg]
[satxbakery.com/cdn/shop/files/4230951923056a91.jpg]
[satxbakery.com/cdn/shop/files/7377462743413f7f.jpg]
[satxbakery.com/cdn/shop/files/1102966204307cf5a.jpg]
[satxbakery.com/cdn/shop/files/499912632091be3.jpg]
[satxbakery.com/cdn/shop/files/311795971441a402.jpg]
[satxbakery.com/cdn/shop/files/1527415924051c381.jpg]
[satxbakery.com/cdn/shop/files/48431929228239e2.jpg]
[satxbakery.com/cdn/shop/files/7608047765125365.jpg]
[satxbakery.com/cdn/shop/files/951349759879f975.jpg]
[satxbakery.com/cdn/shop/files/4230951923053873.jpg]
[satxbakery.com/cdn/shop/files/737746274341ade7.jpg]
[satxbakery.com/cdn/shop/files/11029662043072431.jpg]
[satxbakery.com/cdn/shop/files/49991263209d289.jpg]
[satxbakery.com/products/biscuit-press-biscuit-machine.html]
[satxbakery.com/cdn/shop/files/311795971441a033.jpg]
[satxbakery.com/cdn/shop/files/4338719550336624697_20483536.jpg]
[satxbakery.com/products/bottle-does-not-contain-alcohol-22oz.oembed]
[satxbakery.com/cdn/shop/files/4338719550336624697_2048a5eb.jpg]
[satxbakery.com/cdn/shop/files/4881116269055832120_20489445.jpg]
[satxbakery.com/cdn/shop/files/2859118670281356693_20484b45.jpg]
[satxbakery.com/cdn/shop/files/2433019011875264980_204861fb.jpg]
[satxbakery.com/cdn/shop/files/4338719550336624697_204876ed.jpg]
[satxbakery.com/cdn/shop/files/4881116269055832120_2048446a.jpg]
[satxbakery.com/cdn/shop/files/2859118670281356693_2048f71b.jpg]
[satxbakery.com/cdn/shop/files/2433019011875264980_2048cb9f.jpg]
[satxbakery.com/cdn/shop/files/4338719550336624697_20482258.jpg]
[satxbakery.com/cdn/shop/files/4881116269055832120_20488960.jpg]
[satxbakery.com/cdn/shop/files/2859118670281356693_204841e4.jpg]
[satxbakery.com/products/bottle-does-not-contain-alcohol-22oz.html]
[satxbakery.com/cdn/shop/files/2433019011875264980_20484a8a.jpg]
[satxbakery.com/cdn/shop/files/236184175676297d07.jpg]
[satxbakery.com/products/breathable-potato-tomato-vegetable-plant-growth-bag.oembed]
[satxbakery.com/cdn/shop/files/727069749407fd15.jpg]
[satxbakery.com/cdn/shop/files/236184175676294bf8.jpg]
[satxbakery.com/cdn/shop/files/727069749407a023.jpg]
[satxbakery.com/cdn/shop/files/236184175676298028.jpg]
[satxbakery.com/cdn/shop/files/354947622351a023.jpg]
[satxbakery.com/cdn/shop/files/558073924975a023.jpg]
[satxbakery.com/cdn/shop/files/7952860529191a023.jpg]
[satxbakery.com/cdn/shop/files/4361c4ee-cc1e-4cfa-bbf5-fb53233d340ba023.jpg]
[satxbakery.com/cdn/shop/files/1614779957310a023.jpg]
[satxbakery.com/cdn/shop/files/1614780020581a023.jpg]
[satxbakery.com/cdn/shop/files/1614779957297c7e9.jpg]
[satxbakery.com/cdn/shop/files/e7b4e3f5-ad53-4eea-901f-12ba8586ffc4a023.jpg]
[satxbakery.com/cdn/shop/files/99726933-7134-4d3c-8aee-4c2368a8853ac7e9.jpg]
[satxbakery.com/cdn/shop/files/1614779957059a023.jpg]
[satxbakery.com/cdn/shop/files/1614779957034c7e9.jpg]
[satxbakery.com/cdn/shop/files/1614779957014c7e9.jpg]
[satxbakery.com/cdn/shop/files/0ca244ef-152a-463d-9eec-fa54d318302dc7e9.jpg]
[satxbakery.com/cdn/shop/files/1612771632051c7e9.jpg]
[satxbakery.com/cdn/shop/files/1614779957061c7e9.jpg]
[satxbakery.com/cdn/shop/files/1614779957060a023.jpg]
[satxbakery.com/cdn/shop/files/1614780020588c7e9.jpg]
[satxbakery.com/cdn/shop/files/1612771632057c7e9.jpg]
[satxbakery.com/cdn/shop/files/1612771632058c7e9.jpg]
[satxbakery.com/cdn/shop/files/655740e5-1166-4ef7-8660-3776ba543e8dc7e9.jpg]
[satxbakery.com/cdn/shop/files/4167424990167c7e9.jpg]
[satxbakery.com/cdn/shop/files/1614821353326c7e9.jpg]
[satxbakery.com/cdn/shop/files/1614821353317c7e9.jpg]
[satxbakery.com/cdn/shop/files/1614821353310c7e9.jpg]
[satxbakery.com/cdn/shop/files/727069749407e391.jpg]
[satxbakery.com/cdn/shop/files/23618417567629cd19.jpg]
[satxbakery.com/cdn/shop/files/354947622351e391.jpg]
[satxbakery.com/cdn/shop/files/558073924975e391.jpg]
[satxbakery.com/cdn/shop/files/7952860529191e391.jpg]
[satxbakery.com/cdn/shop/files/4361c4ee-cc1e-4cfa-bbf5-fb53233d340be391.jpg]
[satxbakery.com/cdn/shop/files/1614779957310e391.jpg]
[satxbakery.com/cdn/shop/files/1614780020581e391.jpg]
[satxbakery.com/cdn/shop/files/1614779957297db97.jpg]
[satxbakery.com/cdn/shop/files/e7b4e3f5-ad53-4eea-901f-12ba8586ffc4e391.jpg]
[satxbakery.com/cdn/shop/files/99726933-7134-4d3c-8aee-4c2368a8853adb97.jpg]
[satxbakery.com/cdn/shop/files/1614779957059e391.jpg]
[satxbakery.com/cdn/shop/files/1614779957034db97.jpg]
[satxbakery.com/cdn/shop/files/1614779957014db97.jpg]
[satxbakery.com/cdn/shop/files/0ca244ef-152a-463d-9eec-fa54d318302ddb97.jpg]
[satxbakery.com/cdn/shop/files/1612771632051db97.jpg]
[satxbakery.com/cdn/shop/files/1614779957061db97.jpg]
[satxbakery.com/cdn/shop/files/1614779957060e391.jpg]
[satxbakery.com/cdn/shop/files/1614780020588db97.jpg]
[satxbakery.com/cdn/shop/files/1612771632057db97.jpg]
[satxbakery.com/cdn/shop/files/1612771632058db97.jpg]
[satxbakery.com/cdn/shop/files/655740e5-1166-4ef7-8660-3776ba543e8ddb97.jpg]
[satxbakery.com/cdn/shop/files/4167424990167db97.jpg]
[satxbakery.com/cdn/shop/files/1614821353326db97.jpg]
[satxbakery.com/cdn/shop/files/1614821353317db97.jpg]
[satxbakery.com/products/breathable-potato-tomato-vegetable-plant-growth-bag.html]
[satxbakery.com/cdn/shop/files/1614821353310db97.jpg]
[satxbakery.com/products/coming-soon.oembed]
[satxbakery.com/products/coming-soon.html]
[satxbakery.com/cdn/shop/files/15744452956976170184_2048a07a.jpg]
[satxbakery.com/products/engraved-charcuterie-board-personalized-serving-platter-unique-wedding-gift-kitchen-decor-food-wine-lovers-gift-rustic-party.oembed]
[satxbakery.com/cdn/shop/files/15744452956976170184_2048e2be.jpg]
[satxbakery.com/products/engraved-charcuterie-board-personalized-serving-platter-unique-wedding-gift-kitchen-decor-food-wine-lovers-gift-rustic-party.html]
[satxbakery.com/cdn/shop/files/15744452956976170184_20481f77.jpg]
[satxbakery.com/cdn/shop/files/18439101715818996903_20489ae9.jpg]
[satxbakery.com/products/festive-stainless-steel-water-bottle-holiday-drinkware-christmas-gift-reusable-flask-snowman-reindeer-design-eco-friendly.oembed]
[satxbakery.com/cdn/shop/files/18439101715818996903_20485c71.jpg]
[satxbakery.com/cdn/shop/files/12042012445391360956_2048_custombefc.jpg]
[satxbakery.com/cdn/shop/files/6973105487414269969_20486633.jpg]
[satxbakery.com/cdn/shop/files/12125929164523350280_20484a25.jpg]
[satxbakery.com/cdn/shop/files/8113679436096946357_20485008.jpg]
[satxbakery.com/cdn/shop/files/18439101715818996903_20483d52.jpg]
[satxbakery.com/cdn/shop/files/12042012445391360956_2048_customc955.jpg]
[satxbakery.com/cdn/shop/files/6973105487414269969_204854ff.jpg]
[satxbakery.com/cdn/shop/files/12125929164523350280_20487713.jpg]
[satxbakery.com/cdn/shop/files/8113679436096946357_20489847.jpg]
[satxbakery.com/cdn/shop/files/18439101715818996903_204894ef.jpg]
[satxbakery.com/cdn/shop/files/12042012445391360956_2048_custome62c.jpg]
[satxbakery.com/cdn/shop/files/6973105487414269969_2048cad9.jpg]
[satxbakery.com/cdn/shop/files/12125929164523350280_20489776.jpg]
[satxbakery.com/products/festive-stainless-steel-water-bottle-holiday-drinkware-christmas-gift-reusable-flask-snowman-reindeer-design-eco-friendly.html]
[satxbakery.com/cdn/shop/files/8113679436096946357_20484187.jpg]
[satxbakery.com/cdn/shop/files/30393071806080f93.jpg]
[satxbakery.com/products/hammer-chef-knife-hand-forged.oembed]
[satxbakery.com/cdn/shop/files/3039307180608_bc09d2fc-1196-43f6-b214-6e354042e2f75a21.jpg]
[satxbakery.com/cdn/shop/files/3039307180608332d.jpg]
[satxbakery.com/cdn/shop/files/255080669156081f2.jpg]
[satxbakery.com/cdn/shop/files/38824817850060d8.jpg]
[satxbakery.com/cdn/shop/files/15357133176324a1f.jpg]
[satxbakery.com/cdn/shop/files/7943779425294e855.jpg]
[satxbakery.com/cdn/shop/files/29360596542013935.jpg]
[satxbakery.com/cdn/shop/files/3039307180608_bc09d2fc-1196-43f6-b214-6e354042e2f7985a.jpg]
[satxbakery.com/cdn/shop/files/30393071806085dff.jpg]
[satxbakery.com/cdn/shop/files/25508066915601475.jpg]
[satxbakery.com/cdn/shop/files/38824817850041bb.jpg]
[satxbakery.com/cdn/shop/files/15357133176329e32.jpg]
[satxbakery.com/cdn/shop/files/7943779425294d9d1.jpg]
[satxbakery.com/cdn/shop/files/29360596542015d03.jpg]
[satxbakery.com/cdn/shop/files/3039307180608_bc09d2fc-1196-43f6-b214-6e354042e2f73972.jpg]
[satxbakery.com/cdn/shop/files/30393071806080f32.jpg]
[satxbakery.com/cdn/shop/files/25508066915605132.jpg]
[satxbakery.com/cdn/shop/files/388248178500a0d7.jpg]
[satxbakery.com/cdn/shop/files/1535713317632451e.jpg]
[satxbakery.com/cdn/shop/files/79437794252941041.jpg]
[satxbakery.com/products/hammer-chef-knife-hand-forged.html]
[satxbakery.com/cdn/shop/files/29360596542014d20.jpg]
[satxbakery.com/cdn/shop/files/39938139304376be.jpg]
[satxbakery.com/products/hand-forged-kitchen-knife-meat-fish-fruit-vegetable-chef.oembed]
[satxbakery.com/cdn/shop/files/399381393043_076ea1fc-e9a6-4573-a599-3b770feb6aee9433.jpg]
[satxbakery.com/cdn/shop/files/3993813930436368.jpg]
[satxbakery.com/cdn/shop/files/103358875196383d2.jpg]
[satxbakery.com/cdn/shop/files/1508921701579c1.jpg]
[satxbakery.com/cdn/shop/files/57180732662910416.jpg]
[satxbakery.com/cdn/shop/files/672e5ba0-1947-49e5-9213-6206afb3e06a1f9f.jpg]
[satxbakery.com/cdn/shop/files/399381393043_076ea1fc-e9a6-4573-a599-3b770feb6aeef2c8.jpg]
[satxbakery.com/cdn/shop/files/399381393043833a.jpg]
[satxbakery.com/cdn/shop/files/1033588751963e3fc.jpg]
[satxbakery.com/cdn/shop/files/15089217015e8b0.jpg]
[satxbakery.com/cdn/shop/files/57180732662911303.jpg]
[satxbakery.com/cdn/shop/files/672e5ba0-1947-49e5-9213-6206afb3e06a4e14.jpg]
[satxbakery.com/cdn/shop/files/399381393043_076ea1fc-e9a6-4573-a599-3b770feb6aee1d01.jpg]
[satxbakery.com/cdn/shop/files/3993813930431ebe.jpg]
[satxbakery.com/cdn/shop/files/1033588751963c843.jpg]
[satxbakery.com/cdn/shop/files/1508921701539f4.jpg]
[satxbakery.com/cdn/shop/files/5718073266291c019.jpg]
[satxbakery.com/products/hand-forged-kitchen-knife-meat-fish-fruit-vegetable-chef.html]
[satxbakery.com/cdn/shop/files/672e5ba0-1947-49e5-9213-6206afb3e06aebbc.jpg]
[satxbakery.com/cdn/shop/files/a62f02cc-e27d-47ca-afb0-6efbde3d68d2e8a0.jpg]
[satxbakery.com/products/handmade-wooden-bowl-with-black-filler.oembed]
[satxbakery.com/cdn/shop/files/cb96eeb4-eec6-4385-8e84-7d4814817a4e0d77.jpg]
[satxbakery.com/cdn/shop/files/a62f02cc-e27d-47ca-afb0-6efbde3d68d2c197.jpg]
[satxbakery.com/cdn/shop/files/2596a1a4-ca96-4183-a5db-7edefdd5ba8c2b90.jpg]
[satxbakery.com/cdn/shop/files/27c636ba-91a7-42f2-a996-b5e3a35ab53559a3.jpg]
[satxbakery.com/cdn/shop/files/b163848b-3cac-4b10-bae8-5a1a3202abc0d746.jpg]
[satxbakery.com/cdn/shop/files/cb96eeb4-eec6-4385-8e84-7d4814817a4edce7.jpg]
[satxbakery.com/cdn/shop/files/a62f02cc-e27d-47ca-afb0-6efbde3d68d2ef04.jpg]
[satxbakery.com/cdn/shop/files/2596a1a4-ca96-4183-a5db-7edefdd5ba8c174f.jpg]
[satxbakery.com/cdn/shop/files/27c636ba-91a7-42f2-a996-b5e3a35ab535aaec.jpg]
[satxbakery.com/cdn/shop/files/b163848b-3cac-4b10-bae8-5a1a3202abc0283a.jpg]
[satxbakery.com/cdn/shop/files/cb96eeb4-eec6-4385-8e84-7d4814817a4e79c9.jpg]
[satxbakery.com/cdn/shop/files/a62f02cc-e27d-47ca-afb0-6efbde3d68d26dec.jpg]
[satxbakery.com/cdn/shop/files/2596a1a4-ca96-4183-a5db-7edefdd5ba8cecf1.jpg]
[satxbakery.com/cdn/shop/files/27c636ba-91a7-42f2-a996-b5e3a35ab5352127.jpg]
[satxbakery.com/products/handmade-wooden-bowl-with-black-filler.html]
[satxbakery.com/cdn/shop/files/b163848b-3cac-4b10-bae8-5a1a3202abc03786.jpg]
[satxbakery.com/cdn/shop/files/a4bb0795-7cc6-468e-ac81-92e1c1717a8a8a85.jpg]
[satxbakery.com/products/home-kitchen-whetstone.oembed]
[satxbakery.com/cdn/shop/files/3769f702-191c-484a-93ae-0a85bcf0c98c8abb.jpg]
[satxbakery.com/cdn/shop/files/a4bb0795-7cc6-468e-ac81-92e1c1717a8afad4.jpg]
[satxbakery.com/cdn/shop/files/236969485370f39f.jpg]
[satxbakery.com/cdn/shop/files/1463236998318f39f.jpg]
[satxbakery.com/cdn/shop/files/1210199578001bf5c.jpg]
[satxbakery.com/cdn/shop/files/3769f702-191c-484a-93ae-0a85bcf0c98c8607.jpg]
[satxbakery.com/cdn/shop/files/a4bb0795-7cc6-468e-ac81-92e1c1717a8a10e5.jpg]
[satxbakery.com/cdn/shop/files/236969485370d942.jpg]
[satxbakery.com/cdn/shop/files/1463236998318d942.jpg]
[satxbakery.com/cdn/shop/files/1210199578001286b.jpg]
[satxbakery.com/cdn/shop/files/16155497168038607.jpg]
[satxbakery.com/cdn/shop/files/c138c322-525a-40c1-8985-7ca9caca550d8607.jpg]
[satxbakery.com/cdn/shop/files/7205036382628607.jpg]
[satxbakery.com/cdn/shop/files/3769f702-191c-484a-93ae-0a85bcf0c98c3dad.jpg]
[satxbakery.com/cdn/shop/files/a4bb0795-7cc6-468e-ac81-92e1c1717a8a97ae.jpg]
[satxbakery.com/cdn/shop/files/236969485370a431.jpg]
[satxbakery.com/cdn/shop/files/1463236998318a431.jpg]
[satxbakery.com/cdn/shop/files/12101995780011507.jpg]
[satxbakery.com/cdn/shop/files/16155497168033dad.jpg]
[satxbakery.com/cdn/shop/files/c138c322-525a-40c1-8985-7ca9caca550d3dad.jpg]
[satxbakery.com/products/home-kitchen-whetstone.html]
[satxbakery.com/cdn/shop/files/7205036382623dad.jpg]
[satxbakery.com/cdn/shop/files/34982935630748e3a.jpg]
[satxbakery.com/products/kitchen-natural-wooden-bowl-household-fruit-bowl-salad-bowl-for-home-restaurant-food-container-wooden-utensils-note-the-size-hot.oembed]
[satxbakery.com/cdn/shop/files/503672053081271a.jpg]
[satxbakery.com/cdn/shop/files/3498293563074ff64.jpg]
[satxbakery.com/cdn/shop/files/043d05f1-9471-4469-83db-2d1f50b30edde802.jpg]
[satxbakery.com/cdn/shop/files/130095781690e080.jpg]
[satxbakery.com/cdn/shop/files/c0176ac5-e465-4d74-b7a4-966c8728ecc9e080.jpg]
[satxbakery.com/cdn/shop/files/8250346292828d47.jpg]
[satxbakery.com/cdn/shop/files/122814461779279be.jpg]
[satxbakery.com/cdn/shop/files/5036720530816d80.jpg]
[satxbakery.com/cdn/shop/files/3498293563074494e.jpg]
[satxbakery.com/cdn/shop/files/043d05f1-9471-4469-83db-2d1f50b30eddffe0.jpg]
[satxbakery.com/cdn/shop/files/130095781690e958.jpg]
[satxbakery.com/cdn/shop/files/c0176ac5-e465-4d74-b7a4-966c8728ecc9e958.jpg]
[satxbakery.com/cdn/shop/files/82503462928213d9.jpg]
[satxbakery.com/cdn/shop/files/1228144617792e585.jpg]
[satxbakery.com/cdn/shop/files/16171074539526d80.jpg]
[satxbakery.com/cdn/shop/files/16171074539616d80.jpg]
[satxbakery.com/cdn/shop/files/16171074539586d80.jpg]
[satxbakery.com/cdn/shop/files/3559384577146d80.jpg]
[satxbakery.com/cdn/shop/files/5036720530811f38.jpg]
[satxbakery.com/cdn/shop/files/3498293563074551b.jpg]
[satxbakery.com/cdn/shop/files/043d05f1-9471-4469-83db-2d1f50b30edd0bbe.jpg]
[satxbakery.com/cdn/shop/files/130095781690ad8d.jpg]
[satxbakery.com/cdn/shop/files/c0176ac5-e465-4d74-b7a4-966c8728ecc9ad8d.jpg]
[satxbakery.com/cdn/shop/files/82503462928239df.jpg]
[satxbakery.com/cdn/shop/files/1228144617792ecce.jpg]
[satxbakery.com/cdn/shop/files/16171074539521f38.jpg]
[satxbakery.com/cdn/shop/files/16171074539611f38.jpg]
[satxbakery.com/cdn/shop/files/16171074539581f38.jpg]
[satxbakery.com/products/kitchen-natural-wooden-bowl-household-fruit-bowl-salad-bowl-for-home-restaurant-food-container-wooden-utensils-note-the-size-hot.html]
[satxbakery.com/cdn/shop/files/3559384577141f38.jpg]
[satxbakery.com/cdn/shop/files/df9cbb72-177f-4b1a-bb2e-90fc2b1923abba9d.jpg]
[satxbakery.com/products/silicone-spoon-mat-easy-to-clean-kitchen-mat-shelf-mat-heat-insulation.oembed]
[satxbakery.com/cdn/shop/files/df9cbb72-177f-4b1a-bb2e-90fc2b1923ab_54ac8a79-c1c4-49ef-9129-9268b6b2c6ff0e65.jpg]
[satxbakery.com/cdn/shop/files/df9cbb72-177f-4b1a-bb2e-90fc2b1923ab3627.jpg]
[satxbakery.com/cdn/shop/files/5f9458ce-77b0-4797-a69a-ee9ef0dcf1c85c89.jpg]
[satxbakery.com/cdn/shop/files/df9cbb72-177f-4b1a-bb2e-90fc2b1923ab_54ac8a79-c1c4-49ef-9129-9268b6b2c6ff3167.jpg]
[satxbakery.com/cdn/shop/files/df9cbb72-177f-4b1a-bb2e-90fc2b1923abf156.jpg]
[satxbakery.com/cdn/shop/files/5f9458ce-77b0-4797-a69a-ee9ef0dcf1c86937.jpg]
[satxbakery.com/cdn/shop/files/ebf39740-f637-4e86-93b4-8909f15296973167.jpg]
[satxbakery.com/cdn/shop/files/f43ba6bc-2328-4a96-b51e-5c9da21532333167.jpg]
[satxbakery.com/cdn/shop/files/c6470db1-a13e-46a3-aaef-0c4a1e5d35663167.jpg]
[satxbakery.com/cdn/shop/files/81fd6ce4-103a-40a2-a590-2f3aa1e034163167.jpg]
[satxbakery.com/cdn/shop/files/272b9b80-3367-4577-be72-f4e8d27b82e33167.jpg]
[satxbakery.com/cdn/shop/files/d0acecf8-937b-453f-aad6-51fa9b33e88b3167.jpg]
[satxbakery.com/cdn/shop/files/126059de-9e02-462b-9dab-c1c2cbaed0713167.jpg]
[satxbakery.com/cdn/shop/files/df84657a-f6c8-4030-93bb-7ecf2054b88e3167.jpg]
[satxbakery.com/cdn/shop/files/df9cbb72-177f-4b1a-bb2e-90fc2b1923ab_54ac8a79-c1c4-49ef-9129-9268b6b2c6ff83d2.jpg]
[satxbakery.com/cdn/shop/files/df9cbb72-177f-4b1a-bb2e-90fc2b1923abb77c.jpg]
[satxbakery.com/cdn/shop/files/5f9458ce-77b0-4797-a69a-ee9ef0dcf1c89480.jpg]
[satxbakery.com/cdn/shop/files/ebf39740-f637-4e86-93b4-8909f152969783d2.jpg]
[satxbakery.com/cdn/shop/files/f43ba6bc-2328-4a96-b51e-5c9da215323383d2.jpg]
[satxbakery.com/cdn/shop/files/c6470db1-a13e-46a3-aaef-0c4a1e5d356683d2.jpg]
[satxbakery.com/cdn/shop/files/81fd6ce4-103a-40a2-a590-2f3aa1e0341683d2.jpg]
[satxbakery.com/cdn/shop/files/272b9b80-3367-4577-be72-f4e8d27b82e383d2.jpg]
[satxbakery.com/cdn/shop/files/d0acecf8-937b-453f-aad6-51fa9b33e88b83d2.jpg]
[satxbakery.com/cdn/shop/files/126059de-9e02-462b-9dab-c1c2cbaed07183d2.jpg]
[satxbakery.com/products/silicone-spoon-mat-easy-to-clean-kitchen-mat-shelf-mat-heat-insulation.html]
[satxbakery.com/cdn/shop/files/df84657a-f6c8-4030-93bb-7ecf2054b88e83d2.jpg]
[satxbakery.com/cdn/shop/files/193201113755934700.jpg]
[satxbakery.com/products/stainless-steel-meat-cleaver-chefs-knife-cleaver.oembed]
[satxbakery.com/cdn/shop/files/19320111375593_6046e7e7-54be-4cc3-aafe-6935ca6047a1ba82.jpg]
[satxbakery.com/cdn/shop/files/19320111375593d8c9.jpg]
[satxbakery.com/cdn/shop/files/17001019308648659b.jpg]
[satxbakery.com/cdn/shop/files/109241367916714458.jpg]
[satxbakery.com/cdn/shop/files/7274564384462a80.jpg]
[satxbakery.com/cdn/shop/files/19172237688187e0a.jpg]
[satxbakery.com/cdn/shop/files/1089266391659e7ed.jpg]
[satxbakery.com/cdn/shop/files/708530885685b0bd.jpg]
[satxbakery.com/cdn/shop/files/32637046214871ac6.jpg]
[satxbakery.com/cdn/shop/files/19320111375593_6046e7e7-54be-4cc3-aafe-6935ca6047a16143.jpg]
[satxbakery.com/cdn/shop/files/1932011137559394a9.jpg]
[satxbakery.com/cdn/shop/files/170010193086480609.jpg]
[satxbakery.com/cdn/shop/files/10924136791671c035.jpg]
[satxbakery.com/cdn/shop/files/727456438446f7d4.jpg]
[satxbakery.com/cdn/shop/files/19172237688185757.jpg]
[satxbakery.com/cdn/shop/files/10892663916591ff4.jpg]
[satxbakery.com/cdn/shop/files/7085308856854fef.jpg]
[satxbakery.com/cdn/shop/files/3263704621487a526.jpg]
[satxbakery.com/cdn/shop/files/2455745851497c1f8.jpg]
[satxbakery.com/cdn/shop/files/88210216838656143.jpg]
[satxbakery.com/cdn/shop/files/12179764656076143.jpg]
[satxbakery.com/cdn/shop/files/7260060694676143.jpg]
[satxbakery.com/cdn/shop/files/17568385882866143.jpg]
[satxbakery.com/cdn/shop/files/32493820332166143.jpg]
[satxbakery.com/cdn/shop/files/25645568428066143.jpg]
[satxbakery.com/cdn/shop/files/5020609526886143.jpg]
[satxbakery.com/cdn/shop/files/19320111375593_6046e7e7-54be-4cc3-aafe-6935ca6047a1bc8f.jpg]
[satxbakery.com/cdn/shop/files/19320111375593c2e1.jpg]
[satxbakery.com/cdn/shop/files/17001019308648a144.jpg]
[satxbakery.com/cdn/shop/files/10924136791671195f.jpg]
[satxbakery.com/cdn/shop/files/72745643844637d4.jpg]
[satxbakery.com/cdn/shop/files/1917223768818f45e.jpg]
[satxbakery.com/cdn/shop/files/10892663916595e9d.jpg]
[satxbakery.com/cdn/shop/files/7085308856852da9.jpg]
[satxbakery.com/cdn/shop/files/3263704621487f2ba.jpg]
[satxbakery.com/cdn/shop/files/2455745851497d087.jpg]
[satxbakery.com/cdn/shop/files/8821021683865bc8f.jpg]
[satxbakery.com/cdn/shop/files/1217976465607bc8f.jpg]
[satxbakery.com/cdn/shop/files/726006069467bc8f.jpg]
[satxbakery.com/cdn/shop/files/1756838588286bc8f.jpg]
[satxbakery.com/cdn/shop/files/3249382033216bc8f.jpg]
[satxbakery.com/cdn/shop/files/2564556842806bc8f.jpg]
[satxbakery.com/products/stainless-steel-meat-cleaver-chefs-knife-cleaver.html]
[satxbakery.com/cdn/shop/files/502060952688bc8f.jpg]
[satxbakery.com/cdn/shop/files/2436451761477395797_2048f60b.jpg]
[satxbakery.com/products/stainless-steel-water-bottle-does-not-contain-alcohol-travel-mug.oembed]
[satxbakery.com/cdn/shop/files/2436451761477395797_2048e605.jpg]
[satxbakery.com/cdn/shop/files/16197869527894128762_204814e3.jpg]
[satxbakery.com/cdn/shop/files/9320169805984918288_2048545b.jpg]
[satxbakery.com/cdn/shop/files/14102603120242404811_204881d5.jpg]
[satxbakery.com/cdn/shop/files/2436451761477395797_2048905c.jpg]
[satxbakery.com/cdn/shop/files/16197869527894128762_204895bf.jpg]
[satxbakery.com/cdn/shop/files/9320169805984918288_2048934a.jpg]
[satxbakery.com/cdn/shop/files/14102603120242404811_2048d025.jpg]
[satxbakery.com/cdn/shop/files/2436451761477395797_2048d0e6.jpg]
[satxbakery.com/cdn/shop/files/16197869527894128762_20489bf7.jpg]
[satxbakery.com/cdn/shop/files/9320169805984918288_20489ac3.jpg]
[satxbakery.com/products/stainless-steel-water-bottle-does-not-contain-alcohol-travel-mug.html]
[satxbakery.com/cdn/shop/files/14102603120242404811_204809a7.jpg]
[satxbakery.com/cdn/shop/files/18239777780601435de.jpg]
[satxbakery.com/products/teak-natural-wood-tableware-spoon-ladle-turner-rice-colander-soup-skimmer-cooking-tool-sets-spoon-scoop-kitchen-tools-gadgets.oembed]
[satxbakery.com/cdn/shop/files/328321178647bb8e.jpg]
[satxbakery.com/cdn/shop/files/1823977778060142f42.jpg]
[satxbakery.com/cdn/shop/files/2663600015124e653.jpg]
[satxbakery.com/cdn/shop/files/12669083643777c45.jpg]
[satxbakery.com/cdn/shop/files/9568794326099cb5.jpg]
[satxbakery.com/cdn/shop/files/119161431855360b2.jpg]
[satxbakery.com/cdn/shop/files/32832117864733c7.jpg]
[satxbakery.com/cdn/shop/files/1823977778060141fc1.jpg]
[satxbakery.com/cdn/shop/files/2663600015124085f.jpg]
[satxbakery.com/cdn/shop/files/1266908364377ebe9.jpg]
[satxbakery.com/cdn/shop/files/9568794326094d6e.jpg]
[satxbakery.com/cdn/shop/files/1191614318553656e.jpg]
[satxbakery.com/cdn/shop/files/150511453838133c7.jpg]
[satxbakery.com/cdn/shop/files/142092559874033c7.jpg]
[satxbakery.com/cdn/shop/files/297341465012233c7.jpg]
[satxbakery.com/cdn/shop/files/3697095566582833c7.jpg]
[satxbakery.com/cdn/shop/files/122127019298133c7.jpg]
[satxbakery.com/cdn/shop/files/288256796826033c7.jpg]
[satxbakery.com/cdn/shop/files/235728504472833c7.jpg]
[satxbakery.com/cdn/shop/files/588535298569833c7.jpg]
[satxbakery.com/cdn/shop/files/82038417613233c7.jpg]
[satxbakery.com/cdn/shop/files/1034136699113333c7.jpg]
[satxbakery.com/cdn/shop/files/426633206722633c7.jpg]
[satxbakery.com/cdn/shop/files/32832117864748b6.jpg]
[satxbakery.com/cdn/shop/files/18239777780601466ff.jpg]
[satxbakery.com/cdn/shop/files/26636000151245ebc.jpg]
[satxbakery.com/cdn/shop/files/1266908364377a292.jpg]
[satxbakery.com/cdn/shop/files/95687943260904ec.jpg]
[satxbakery.com/cdn/shop/files/119161431855382a3.jpg]
[satxbakery.com/cdn/shop/files/150511453838148b6.jpg]
[satxbakery.com/cdn/shop/files/142092559874048b6.jpg]
[satxbakery.com/cdn/shop/files/297341465012248b6.jpg]
[satxbakery.com/cdn/shop/files/3697095566582848b6.jpg]
[satxbakery.com/cdn/shop/files/122127019298148b6.jpg]
[satxbakery.com/cdn/shop/files/288256796826048b6.jpg]
[satxbakery.com/cdn/shop/files/235728504472848b6.jpg]
[satxbakery.com/cdn/shop/files/588535298569848b6.jpg]
[satxbakery.com/cdn/shop/files/82038417613248b6.jpg]
[satxbakery.com/cdn/shop/files/1034136699113348b6.jpg]
[satxbakery.com/products/teak-natural-wood-tableware-spoon-ladle-turner-rice-colander-soup-skimmer-cooking-tool-sets-spoon-scoop-kitchen-tools-gadgets.html]
[satxbakery.com/cdn/shop/t/7/assets/section-collection-list8a73.css]
[satxbakery.com/cdn/shop/t/7/assets/section-footerd9a8.css]
[satxbakery.com/cdn/shop/t/7/assets/component-newsletter321e.css]
[satxbakery.com/cdn/shop/t/7/assets/component-list-payment87d5.css]
[satxbakery.com/cdn/shop/t/7/assets/component-list-socialbbb0.css]
[satxbakery.com/cdn/shop/files/426633206722648b6.jpg]
[satxbakery.com/cdn/shopifycloud/storefront/assets/storefront/policy-dba6c8e0.css]
[satxbakery.com/policies/modules/v2/chunk.common_DahBGZaO.esm.js]
[satxbakery.com/policies/modules/v2/client.shop-login-button_W1_LuYMk.en.esm.js]
[satxbakery.com/policies/GET]
[satxbakery.com/policies/POST]
[satxbakery.com/policies/privacy-policy.html]
[satxbakery.com/pages/data-sharing-opt-out.html]
[satxbakery.com/policies/refund-policy.html]
[satxbakery.com/policies/terms-of-service.html]
[satxbakery.com/policies/contact-information.html]
[satxbakery.com/collections/all2679.html]
[satxbakery.com/cdn/shop/files/b6ff5249e8fbd9e220f155d22ffc2b805bd4.png]
[satxbakery.com/products/vogue-water-bottles.html]
[satxbakery.com/cdn/shop/files/dab543e1-b67c-45f2-af08-270703c408f3cf39.jpg]
[satxbakery.com/products/wooden-cheese-cutting-board.html]
[satxbakery.com/cdn/shop/files/18202289035558280440_40961776.jpg]
[satxbakery.com/collections/all4658.html]
[satxbakery.com/collections/modules/v2/chunk.common_DahBGZaO.esm.js]
[satxbakery.com/collections/modules/v2/client.shop-login-button_W1_LuYMk.en.esm.js]
[satxbakery.com/collections/GET.html]
[satxbakery.com/collections/POST.html]
[satxbakery.com/cdn/shop/t/7/assets/component-facetsba23.css]
[satxbakery.com/cdn/shop/t/7/assets/component-show-more0124.css]
[satxbakery.com/cdn/shop/t/7/assets/component-swatch-inputa603.css]
[satxbakery.com/cdn/shop/t/7/assets/component-swatch7e51.css]
[satxbakery.com/cdn/shop/t/7/assets/component-pagination2808.css]
[satxbakery.com/cdn/shop/t/7/assets/component-cartb113.css]
[satxbakery.com/cdn/shop/t/7/assets/component-totals181e.css]
[satxbakery.com/cdn/shop/t/7/assets/component-discounts4888.css]
[satxbakery.com/products/wrapping-papers.html]
[satxbakery.com/collections/frontpage.atom]
[satxbakery.com/collections/frontpage.oembed]
[satxbakery.com/collections/frontpage.html]
[satxbakery.com/products/modules/v2/chunk.common_DahBGZaO.esm.js]
[satxbakery.com/products/modules/v2/client.shop-login-button_W1_LuYMk.en.esm.js]
[satxbakery.com/products/GET.html]
[satxbakery.com/products/POST.html]
[satxbakery.com/cdn/shop/t/7/assets/section-main-producta76a.css]
[satxbakery.com/cdn/shop/t/7/assets/component-accordion78dd.css]
[satxbakery.com/cdn/shop/t/7/assets/component-deferred-media38e4.css]
[satxbakery.com/cdn/shop/t/7/assets/component-product-variant-picker5952.css]
[satxbakery.com/cdn/shop/t/7/assets/component-pickup-availability868f.css]
[satxbakery.com/cdn/shop/t/7/assets/collapsible-content5609.css]
[satxbakery.com/products/review-widget/main.js]
[satxbakery.com/cdn/shop/t/7/assets/section-related-productsacdc.css]
[satxbakery.com/cdn/shopifycloud/storefront/assets/storefront/policy-dba6c8e0.css]
[satxbakery.com/policies/modules/v2/chunk.common_DahBGZaO.esm.js]
[satxbakery.com/policies/modules/v2/client.shop-login-button_W1_LuYMk.en.esm.js]
[satxbakery.com/policies/GET.html]
[satxbakery.com/policies/POST.html]
[satxbakery.com/pages/modules/v2/chunk.common_DahBGZaO.esm.js]
[satxbakery.com/pages/modules/v2/client.shop-login-button_W1_LuYMk.en.esm.js]
[satxbakery.com/pages/GET]
[satxbakery.com/pages/POST]
[satxbakery.com/pages/data-sharing-opt-out.html]
[satxbakery.com/cdn/shop/t/7/assets/section-main-page1f73.css]
[satxbakery.com/collections/all2679.html]
[satxbakery.com/cdn/shop/files/b6ff5249e8fbd9e220f155d22ffc2b80f890.png]
[satxbakery.com/products/vogue-water-bottles.oembed]
[satxbakery.com/cdn/shop/files/b6ff5249e8fbd9e220f155d22ffc2b80_16cdcd95-5c99-4248-9bdb-53d12b9f559d15c7.png]
[satxbakery.com/cdn/shop/files/b6ff5249e8fbd9e220f155d22ffc2b8015c7.png]
[satxbakery.com/cdn/shop/files/b6ff5249e8fbd9e220f155d22ffc2b80_16cdcd95-5c99-4248-9bdb-53d12b9f559df489.png]
[satxbakery.com/cdn/shop/files/b6ff5249e8fbd9e220f155d22ffc2b80f489.png]
[satxbakery.com/cdn/shop/files/b6ff5249e8fbd9e220f155d22ffc2b80_16cdcd95-5c99-4248-9bdb-53d12b9f559db29c.png]
[satxbakery.com/products/vogue-water-bottles.html]
[satxbakery.com/cdn/shop/files/b6ff5249e8fbd9e220f155d22ffc2b80b29c.png]
[satxbakery.com/cdn/shop/files/dab543e1-b67c-45f2-af08-270703c408f3e400.jpg]
[satxbakery.com/products/wooden-cheese-cutting-board.oembed]
[satxbakery.com/cdn/shop/files/a4b2a7ca-fe23-4509-9277-0fbd179aa92e89b5.jpg]
[satxbakery.com/cdn/shop/files/dab543e1-b67c-45f2-af08-270703c408f345f2.jpg]
[satxbakery.com/cdn/shop/files/10647534-2db7-4371-8820-00c0a6caf4ecef41.jpg]
[satxbakery.com/cdn/shop/files/a5265a83-81f6-4653-9255-d678fd58c4dd5716.jpg]
[satxbakery.com/cdn/shop/files/b7820fdd-1daa-4c68-aa25-79b95154e4f2d360.jpg]
[satxbakery.com/cdn/shop/files/a4b2a7ca-fe23-4509-9277-0fbd179aa92e1f78.jpg]
[satxbakery.com/cdn/shop/files/dab543e1-b67c-45f2-af08-270703c408f35720.jpg]
[satxbakery.com/cdn/shop/files/10647534-2db7-4371-8820-00c0a6caf4ecb665.jpg]
[satxbakery.com/cdn/shop/files/a5265a83-81f6-4653-9255-d678fd58c4dd6018.jpg]
[satxbakery.com/cdn/shop/files/b7820fdd-1daa-4c68-aa25-79b95154e4f23468.jpg]
[satxbakery.com/cdn/shop/files/a4b2a7ca-fe23-4509-9277-0fbd179aa92e4dda.jpg]
[satxbakery.com/cdn/shop/files/dab543e1-b67c-45f2-af08-270703c408f3fa59.jpg]
[satxbakery.com/cdn/shop/files/10647534-2db7-4371-8820-00c0a6caf4ecf1ab.jpg]
[satxbakery.com/cdn/shop/files/a5265a83-81f6-4653-9255-d678fd58c4dd0997.jpg]
[satxbakery.com/products/wooden-cheese-cutting-board.html]
[satxbakery.com/cdn/shop/files/b7820fdd-1daa-4c68-aa25-79b95154e4f2a5ec.jpg]
[satxbakery.com/cdn/shop/files/18202289035558280440_4096a9da.jpg]
[satxbakery.com/products/wrapping-papers.oembed]
[satxbakery.com/cdn/shop/files/5262078647591375161_4096077a.jpg]
[satxbakery.com/cdn/shop/files/18355670353400601186_409625fa.jpg]
[satxbakery.com/cdn/shop/files/8532578690185099476_40961b75.jpg]
[satxbakery.com/cdn/shop/files/7927357958996520107_40966e66.jpg]
[satxbakery.com/cdn/shop/files/9449329575233701416_4096f433.jpg]
[satxbakery.com/cdn/shop/files/13895097989213582149_4096e7de.jpg]
[satxbakery.com/cdn/shop/files/12154699330405236182_40962d0e.jpg]
[satxbakery.com/cdn/shop/files/5262078647591375161_409661ac.jpg]
[satxbakery.com/cdn/shop/files/18202289035558280440_4096a66f.jpg]
[satxbakery.com/cdn/shop/files/18355670353400601186_409620c2.jpg]
[satxbakery.com/cdn/shop/files/8532578690185099476_4096bf51.jpg]
[satxbakery.com/cdn/shop/files/7927357958996520107_40967da8.jpg]
[satxbakery.com/cdn/shop/files/9449329575233701416_409629c8.jpg]
[satxbakery.com/cdn/shop/files/13895097989213582149_4096704a.jpg]
[satxbakery.com/cdn/shop/files/12154699330405236182_40961cc0.jpg]
[satxbakery.com/cdn/shop/files/5262078647591375161_40961a3c.jpg]
[satxbakery.com/cdn/shop/files/18202289035558280440_40960005.jpg]
[satxbakery.com/cdn/shop/files/18355670353400601186_4096126b.jpg]
[satxbakery.com/cdn/shop/files/8532578690185099476_40968742.jpg]
[satxbakery.com/cdn/shop/files/7927357958996520107_4096f25a.jpg]
[satxbakery.com/cdn/shop/files/9449329575233701416_40969d03.jpg]
[satxbakery.com/cdn/shop/files/13895097989213582149_4096072d.jpg]
[satxbakery.com/products/wrapping-papers.html]
[satxbakery.com/pages/modules/v2/chunk.common_DahBGZaO.esm.js]
[satxbakery.com/pages/modules/v2/client.shop-login-button_W1_LuYMk.en.esm.js]
[satxbakery.com/pages/GET.html]
[satxbakery.com/pages/POST.html]
[satxbakery.com/cdn/shop/t/7/assets/section-main-page1f73.css]
[satxbakery.com/cdn/shop/files/12154699330405236182_40965e8a.jpg]
